// Jest Snapshot v1, https://goo.gl/fbAQLP

exports[`Testes de Integração CENÁRIO 01 1`] = `
Object {
  "juros": 0.025,
  "montante": 106.9,
  "parcelas": 3,
  "prestacoes": Array [
    35.64,
    35.63,
    35.63,
  ],
  "primeiraPrestacao": 35.64,
}
`;

exports[`Testes de Integração CENÁRIO 02 1`] = `
Object {
  "juros": 0.025,
  "montante": 106.9,
  "parcelas": 3,
  "prestacoes": Array [
    35.64,
    35.63,
    35.63,
  ],
  "primeiraPrestacao": 35.64,
}
`;

exports[`Testes de Integração CENÁRIO 03 1`] = `
Object {
  "juros": 0.025,
  "montante": 106.9,
  "parcelas": 3,
  "prestacoes": Array [
    35.64,
    35.63,
    35.63,
  ],
  "primeiraPrestacao": 35.64,
}
`;

exports[`Testes de Integração Listando todos os clientes persistidos na base 1`] = `
Array [
  Object {
    "CPF": "386.193.850-20",
    "Nome": "Beatriz Dos Santos Silva",
  },
  Object {
    "CPF": "524.888.190-00",
    "Nome": "Igor Silva",
  },
]
`;
